QM4D compiling date/time: 10:58:12 // Sep 26 2017
QM4D running host: node019
QM4D starting time: Sun Oct 15 15:28:17 2017

