QM4D compiling date/time: 10:58:12 // Sep 26 2017
QM4D running host: node081
QM4D starting time: Tue Oct 17 23:09:49 2017

