QM4D compiling date/time: 10:58:12 // Sep 26 2017
QM4D running host: node082
QM4D starting time: Tue Oct 17 22:58:18 2017

