QM4D compiling date/time: 16:52:29 // Jan  9 2018
QM4D running host: node082
QM4D starting time: Thu Jan 11 15:41:47 2018

