QM4D compiling date/time: 10:58:12 // Sep 26 2017
QM4D running host: node051
QM4D starting time: Mon Oct 16 17:04:45 2017

