QM4D compiling date/time: 10:58:12 // Sep 26 2017
QM4D running host: node020
QM4D starting time: Sun Oct 15 21:07:13 2017

