QM4D compiling date/time: 10:58:12 // Sep 26 2017
QM4D running host: node081
QM4D starting time: Wed Oct 25 13:29:07 2017

