QM4D compiling date/time: 10:58:12 // Sep 26 2017
QM4D running host: node085
QM4D starting time: Sun Oct 15 21:07:25 2017

