
The input file (LINESIZE= 4096) is 1.inp: 

==>
$qm
xyz    1.xyz
spin   2
charge 0
mult   2
method  dft
xcfunc b3lyp
guess  atom
POSTSCF LMOSC Boys 1000 1.e-10
LOEnergy  -30  10
iter        300
LOSC_r0     2.7
LOSC_eta    3.0
LOSC_eps    2.50
LOSC_gamma  2.0
LOSC_exf    1.23780
LOSC_pow    2.0
Boys Anal   20
dentol      1.0E-004
etol        1.0E-008
print       1
diis        12  0.30
directvee
basis    H H.cc-pVTZ
fitbasis H H.aug-cc-pVTZ
end
$doqm

<==

Total number of atoms in 1.xyz : 1 
func set here 0
func set here b3lyp
func set here 0

The path of GTO library is /home/ym95/program/QM4D/gtolib/. 
Filename of this basis set= H.cc-pVTZ with type H
Number of CGTO is 15.
Element Symbol is H.
Details of No Name :
 CGTO  PGTO    SC              Exp.             Coef.     x^n  y^n  z^n 
   1    1     1.00000        33.870000         0.006068    0    0    0  
   1    2     1.00000         5.095000         0.045308    0    0    0  
   1    3     1.00000         1.159000         0.202822    0    0    0  
   2    1     1.00000         0.325800         1.000000    0    0    0  
   3    1     1.00000         0.102700         1.000000    0    0    0  
   4    1     1.00000         1.407000         1.000000    1    0    0  
   5    1     1.00000         1.407000         1.000000    0    1    0  
   6    1     1.00000         1.407000         1.000000    0    0    1  
   7    1     1.00000         0.388000         1.000000    1    0    0  
   8    1     1.00000         0.388000         1.000000    0    1    0  
   9    1     1.00000         0.388000         1.000000    0    0    1  
  10    1     1.00000         1.057000         1.000000    2    0    0  
  11    1     1.00000         1.057000         1.000000    1    1    0  
  12    1     1.00000         1.057000         1.000000    1    0    1  
  13    1     1.00000         1.057000         1.000000    0    2    0  
  14    1     1.00000         1.057000         1.000000    0    1    1  
  15    1     1.00000         1.057000         1.000000    0    0    2  

Show information of molecule and basis set (ANG):
Atom Ele  zNuc             X         Y         Z        Basis     CGTO PGTO  SEG
   1  H   1.00 (  1.00)   0.00000   0.00000   0.00000    H.cc-pVTZ   15   17    6

Filename of this fitting basis set=H.aug-cc-pVTZ
Number of CGTO is 25.
Element Symbol is H.
Details of No Name :
 CGTO  PGTO    SC              Exp.             Coef.     x^n  y^n  z^n 
   1    1     1.00000        33.870000         0.006068    0    0    0  
   1    2     1.00000         5.095000         0.045308    0    0    0  
   1    3     1.00000         1.159000         0.202822    0    0    0  
   2    1     1.00000         0.325800         1.000000    0    0    0  
   3    1     1.00000         0.102700         1.000000    0    0    0  
   4    1     1.00000         0.025260         1.000000    0    0    0  
   5    1     1.00000         1.407000         1.000000    1    0    0  
   6    1     1.00000         1.407000         1.000000    0    1    0  
   7    1     1.00000         1.407000         1.000000    0    0    1  
   8    1     1.00000         0.388000         1.000000    1    0    0  
   9    1     1.00000         0.388000         1.000000    0    1    0  
  10    1     1.00000         0.388000         1.000000    0    0    1  
  11    1     1.00000         0.102000         1.000000    1    0    0  
  12    1     1.00000         0.102000         1.000000    0    1    0  
  13    1     1.00000         0.102000         1.000000    0    0    1  
  14    1     1.00000         1.057000         1.000000    2    0    0  
  15    1     1.00000         1.057000         1.000000    1    1    0  
  16    1     1.00000         1.057000         1.000000    1    0    1  
  17    1     1.00000         1.057000         1.000000    0    2    0  
  18    1     1.00000         1.057000         1.000000    0    1    1  
  19    1     1.00000         1.057000         1.000000    0    0    2  
  20    1     1.00000         0.247000         1.000000    2    0    0  
  21    1     1.00000         0.247000         1.000000    1    1    0  
  22    1     1.00000         0.247000         1.000000    1    0    1  
  23    1     1.00000         0.247000         1.000000    0    2    0  
  24    1     1.00000         0.247000         1.000000    0    1    1  
  25    1     1.00000         0.247000         1.000000    0    0    2  

Total Number of atoms     :     1 
Total Number of elec.     :    1.000 
Total Number of charges   :    0.000 
Total Number of core elec.:    0.000 

Total Number of CGTO   :     15 
Total Number of PGTO   :     17 
Total Number of Shell  :      6 

Multiplicity (=   2) is used to calculate alpha and beta electrons.
Alpha electrons =      1.000 Beta electrons =      0.000

MOs are used to calculate density.
Alpha occupied orbitals=      1 Beta occupied orbitals =      0
Alpha virtual orbitals=     14 Beta virtual orbitals =     15

Total Number of one-electron integrals : 120 
Total Number of two-electron integrals : 7260 (after screening)
Memory cost for two-electron integrals :      0 (MB)

Information of SCF Options:
DIIS is used and the dimension of DIIS is : 12 
Energy difference threshold of DIIS: 0.300000 
(Only if the energy difference is smaller than the above value, DIIS will be activated.) 

Criteria of  SCF Convergence: 
   Energy difference is less than 1.000e-08. 
   And density matrix difference is less than 1.000e-04. 
   Maximum number of iterations is less than  300. 

This is DFT calculation with open shell.

 The xc functional is b3lyp.

 Factor of HF exact exchange :     0.2000.

All ERIs are calculated when needed.

Values of basis sets are stored in memory.

The part of MM charges will be calculated from analytic integrals and used in SCF.

External electric field information: 
 X= 0.00000000 Y=0.00000000 Z=0.00000000 
The contribution from external electric fields will be added into the core Hamiltonian.
The energy contribution will be added into the ENQ term.

One-electron integrals are being calculated.
Overlap Matrix Z is being calculated.
Overlap Matrix Y is being calculated.
Overlap Matrix X is being calculated.
Atomic density guess is used.
Total energy of all atoms :         -0.5021597483

Nuclear-Nuclear repulsion energy   =         0.0000000000
Nuclear-Charge energy (with Field) =         0.0000000000
Charge-Charge energy               =         0.0000000000

Grids are pruned. Cut-off of Becke weights for pruning is 1.0000e-09.

SG1 grids are used here.
Total number of grids = 2714.
    1     1     2714

CalcGridBasis is called. iBasGrad=1 isGGA=1

ITER=   1  Energy=        -0.4450164602 DeltaE= -4.45016e-01 DP=  0.00000e+00 PairTol= -1.000e+00
 E(Core)=        -0.4994887154 ET =         0.4982189118 ENE =        -0.9977076272 
 EJ     =         0.3092168799 EK =        -0.0309216880 Exc =        -0.2238229367 
 EQE    =         0.0000000000 EVT=        -0.9432353719 -V/T=         1.893
 EEE+ENE=        -0.4450164602 ENN=         0.0000000000 EVex=         0.0000000000
SCFInfo: Damping=-1.000 Shift= 0.000 lDamping=0 lShift=0 lDIIS=1 lODA=0 lODAV=0 isLast=0

ITER=   2  Energy=        -0.4990437038 DeltaE= -5.40272e-02 DP=  1.87360e-01 PairTol= -1.000e+00
 E(Core)=        -0.4957244778 ET =         0.4283265945 ENE =        -0.9240510723 
 EJ     =         0.2840183234 EK =        -0.0568036647 Exc =        -0.2305338848 
 EQE    =         0.0000000000 EVT=        -0.9273702983 -V/T=         2.165
 EEE+ENE=        -0.4990437038 ENN=         0.0000000000 EVex=         0.0000000000
DIIS Info: eMax= 3.2524e-02 BMax= 4.1985e-03 (Spin=  0). 
DIIS Info: eMax= 0.0000e+00 BMax= 0.0000e+00 (Spin=  1). 
DIIS is activated. (Disable LIST, EDIIS or ADIIS.)
DIIS Info: Coef. of Fock (RMSD=  1.000000): 
  1:        1.000000 
SCFInfo: Damping=-1.000 Shift= 0.000 lDamping=0 lShift=0 lDIIS=1 lODA=0 lODAV=0 isLast=0

ITER=   3  Energy=        -0.5021574151 DeltaE= -3.11371e-03 DP=  9.77434e-02 PairTol= -1.000e+00
 E(Core)=        -0.4994344783 ET =         0.4973611595 ENE =        -0.9967956378 
 EJ     =         0.3087160385 EK =        -0.0617432077 Exc =        -0.2496957676 
 EQE    =         0.0000000000 EVT=        -0.9995185746 -V/T=         2.010
 EEE+ENE=        -0.5021574151 ENN=         0.0000000000 EVex=         0.0000000000
DIIS Info: eMax= 6.8214e-04 BMax= 4.1985e-03 (Spin=  0). 
DIIS Info: eMax= 0.0000e+00 BMax= 0.0000e+00 (Spin=  1). 
DIIS is activated. (Disable LIST, EDIIS or ADIIS.)
DIIS Info: Coef. of Fock (RMSD=  0.502644): 
  1:       -0.005275 
  2:        1.005275 
SCFInfo: Damping=-1.000 Shift= 0.000 lDamping=0 lShift=0 lDIIS=1 lODA=0 lODAV=0 isLast=0

ITER=   4  Energy=        -0.5021597352 DeltaE= -2.32001e-06 DP=  2.84705e-03 PairTol= -1.000e+00
 E(Core)=        -0.4994845081 ET =         0.4982266350 ENE =        -0.9977111431 
 EJ     =         0.3091998634 EK =        -0.0618399727 Exc =        -0.2500351178 
 EQE    =         0.0000000000 EVT=        -1.0003863702 -V/T=         2.008
 EEE+ENE=        -0.5021597352 ENN=         0.0000000000 EVex=         0.0000000000
DIIS Info: eMax= 6.2003e-05 BMax= 4.1985e-03 (Spin=  0). 
DIIS Info: eMax= 0.0000e+00 BMax= 0.0000e+00 (Spin=  1). 
DIIS is activated. (Disable LIST, EDIIS or ADIIS.)
DIIS Info: Coef. of Fock (RMSD=  0.370653): 
  1:        0.001439 
  2:       -0.108127 
  3:        1.106688 
SCFInfo: Damping=-1.000 Shift= 0.000 lDamping=0 lShift=0 lDIIS=1 lODA=0 lODAV=0 isLast=0

ITER=   5  Energy=        -0.5021597482 DeltaE= -1.30532e-08 DP=  2.27889e-04 PairTol= -1.000e+00
 E(Core)=        -0.4994886973 ET =         0.4982189641 ENE =        -0.9977076614 
 EJ     =         0.3092168207 EK =        -0.0618433641 Exc =        -0.2500445075 
 EQE    =         0.0000000000 EVT=        -1.0003787124 -V/T=         2.008
 EEE+ENE=        -0.5021597482 ENN=         0.0000000000 EVex=         0.0000000000
DIIS Info: eMax= 5.5610e-07 BMax= 4.1985e-03 (Spin=  0). 
DIIS Info: eMax= 0.0000e+00 BMax= 0.0000e+00 (Spin=  1). 
DIIS is activated. (Disable LIST, EDIIS or ADIIS.)
DIIS Info: Coef. of Fock (RMSD=  0.268459): 
  1:       -0.000098 
  2:        0.007580 
  3:       -0.078424 
  4:        1.070942 
SCFInfo: Damping=-1.000 Shift= 0.000 lDamping=0 lShift=0 lDIIS=1 lODA=0 lODAV=0 isLast=0

ITER=   6  Energy=        -0.5021597482 DeltaE= -5.33795e-13 DP=  2.54019e-06 PairTol= -1.000e+00
 E(Core)=        -0.4994887151 ET =         0.4982189147 ENE =        -0.9977076298 
 EJ     =         0.3092168791 EK =        -0.0618433758 Exc =        -0.2500445364 
 EQE    =         0.0000000000 EVT=        -1.0003786630 -V/T=         2.008
 EEE+ENE=        -0.5021597482 ENN=         0.0000000000 EVex=         0.0000000000
DIIS Info: eMax= 7.0600e-09 BMax= 4.1985e-03 (Spin=  0). 
DIIS Info: eMax= 0.0000e+00 BMax= 0.0000e+00 (Spin=  1). 
DIIS is activated. (Disable LIST, EDIIS or ADIIS.)
DIIS Info: Coef. of Fock (RMSD=  0.200382): 
  1:        0.000000 
  2:        0.000002 
  3:       -0.000109 
  4:       -0.001799 
  5:        1.001907 
SCFInfo: Damping=-1.000 Shift= 0.000 lDamping=0 lShift=0 lDIIS=0 lODA=0 lODAV=0 isLast=1

ITER=   7  Energy=        -0.5021597482 DeltaE=  2.99760e-15 DP=  2.35701e-08 PairTol= -1.000e+00
 E(Core)=        -0.4994887154 ET =         0.4982189120 ENE =        -0.9977076274 
 EJ     =         0.3092168800 EK =        -0.0618433760 Exc =        -0.2500445368 
 EQE    =         0.0000000000 EVT=        -1.0003786602 -V/T=         2.008
 EEE+ENE=        -0.5021597482 ENN=         0.0000000000 EVex=         0.0000000000
DIIS Info: eMax= 2.3910e-13 BMax= 4.1985e-03 (Spin=  0). 
DIIS Info: eMax= 0.0000e+00 BMax= 0.0000e+00 (Spin=  1). 
None of DIIS is activated.

SCF converged successfully. nIter=  7. E=            -0.502159748216952

Eigenvalues of spin=  0 :
                  AU               eV     Occup no.
     1 :       -0.321729       -8.754685      1.000
     2 :        0.225929        6.147831      0.000
     3 :        0.572415       15.576211      0.000
     4 :        0.572415       15.576211      0.000
     5 :        0.572415       15.576211      0.000
     6 :        1.494391       40.664447      0.000
     7 :        3.139431       85.428268      0.000
     8 :        3.139431       85.428268      0.000
     9 :        3.139453       85.428868      0.000
    10 :        3.139453       85.428868      0.000
    11 :        3.139453       85.428868      0.000
    12 :        3.509590       95.500791      0.000
    13 :        3.509590       95.500791      0.000
    14 :        3.509590       95.500791      0.000
    15 :        4.307971      117.225847      0.000
Total electron number:        1.000000
Gap:        0.547657 (au)       14.902516 (eV)
Sum of Eigenvalues:        -0.3217287573 (au) 

Eigenvalues of spin=  1 :
                  AU               eV     Occup no.
     1 :        0.052461        1.427548      0.000
     2 :        0.450075       12.247150      0.000
     3 :        0.832493       22.653275      0.000
     4 :        0.832493       22.653275      0.000
     5 :        0.832493       22.653275      0.000
     6 :        1.804856       49.112625      0.000
     7 :        3.482297       94.758107      0.000
     8 :        3.482297       94.758107      0.000
     9 :        3.482297       94.758107      0.000
    10 :        3.482297       94.758107      0.000
    11 :        3.482297       94.758107      0.000
    12 :        3.929505      106.927275      0.000
    13 :        3.929505      106.927275      0.000
    14 :        3.929505      106.927275      0.000
    15 :        4.741404      129.020154      0.000
Total electron number:        0.000000
Gap:        0.000000 (au)        0.000000 (eV)
Sum of Eigenvalues:         0.0000000000 (au) 
Density Matrix
     1:
  6.28793829e-02
     2:
  1.15639893e-01  2.12670423e-01
     3:
  1.04547842e-01  1.92271310e-01  1.73828858e-01
     4:
  1.76655190e-18  3.24882123e-18  2.93719787e-18  4.96300295e-35
     5:
  8.70961390e-20  1.60176321e-19  1.44812385e-19  2.44690458e-36  1.20639502e-37
     6:
  7.22539329e-21  1.32880393e-20  1.20134652e-20  2.02992327e-37  1.00081112e-38
  8.30261141e-40
     7:
 -2.87279917e-18 -5.28329278e-18 -4.77652516e-18 -8.07092660e-35 -3.97920120e-36
 -3.30109853e-37  1.31250892e-34
     8:
 -1.82326139e-19 -3.35311422e-19 -3.03148720e-19 -5.12232425e-36 -2.52545461e-37
 -2.09508745e-38  8.33001783e-36  5.28676005e-37
     9:
 -8.43109300e-20 -1.55054113e-19 -1.40181494e-19 -2.36865610e-36 -1.16781625e-37
 -9.68806626e-39  3.85195208e-36  2.44469421e-37  1.13047117e-37
    10:
  3.84759021e-04  7.07600649e-04  6.39728374e-04  1.08095333e-20  5.32941381e-22
  4.42121903e-23 -1.75786616e-20 -1.11565387e-21 -5.15898684e-22  2.35434092e-06
    11:
  2.36401356e-37  4.34759794e-37  3.93058114e-37  6.64152932e-54  3.27446683e-55
  2.71645918e-56 -1.08005770e-53 -6.85473432e-55 -3.16975410e-55  1.44654018e-39
  8.88774640e-73
    12:
  1.58033472e-36  2.90635388e-36  2.62757962e-36  4.43983891e-53  2.18896952e-54
  1.81594338e-55 -7.22014763e-53 -4.58236571e-54 -2.11896943e-54  9.67007008e-39
  5.94142711e-72  3.97182306e-71
    13:
  3.84759021e-04  7.07600649e-04  6.39728374e-04  1.08095333e-20  5.32941381e-22
  4.42121903e-23 -1.75786616e-20 -1.11565387e-21 -5.15898684e-22  2.35434092e-06
  1.44654018e-39  9.67007008e-39  2.35434092e-06
    14:
 -6.03272952e-21 -1.10946413e-20 -1.00304555e-20 -1.69485280e-37 -8.35611651e-39
 -6.93213600e-40  2.75620077e-37  1.74926062e-38  8.08889994e-39 -3.69142793e-23
 -2.26806526e-56 -1.51619362e-55 -3.69142793e-23  5.78787892e-40
    15:
  3.84759021e-04  7.07600649e-04  6.39728374e-04  1.08095333e-20  5.32941381e-22
  4.42121903e-23 -1.75786616e-20 -1.11565387e-21 -5.15898684e-22  2.35434092e-06
  1.44654018e-39  9.67007008e-39  2.35434092e-06 -3.69142793e-23  2.35434092e-06
Fock Matrix
     1:
  3.95047336e-01
     2:
 -3.92444030e-01 -2.31546572e-01
     3:
 -3.65554081e-01 -2.55965880e-01 -1.71527853e-01
     4:
  2.97429391e-18  7.19966886e-18  4.35725716e-18  2.56875426e+00
     5:
 -1.62634560e-18  1.00890014e-19 -3.24854806e-19 -9.87899782e-37  2.56875426e+00
     6:
 -1.66955556e-19  6.68778677e-19 -2.71088580e-19 -1.41249689e-36  5.78304491e-20
  2.56875426e+00
     7:
  6.65133003e-18  6.47666561e-18  5.48736807e-18  4.98842002e-01 -1.01441127e-36
 -7.69215115e-37  5.83217535e-01
     8:
 -4.29648861e-19  9.40165763e-19  2.16735858e-19 -4.77212086e-37  4.98842002e-01
  1.68311856e-19 -5.94886059e-37  5.83217535e-01
     9:
 -1.26840558e-19 -2.94215322e-20  7.90505886e-19 -2.93255599e-37  1.30996032e-19
  4.98842002e-01 -6.30664285e-37 -3.59510796e-19  5.83217535e-01
    10:
 -4.28623857e-01 -6.11710954e-02 -1.65786842e-01  9.15976453e-18 -1.60488426e-19
 -3.61152224e-20  5.60149408e-18  2.20283024e-19  3.08690115e-19  1.67903001e+00
    11:
  5.89751298e-37  5.51076652e-37  4.54842870e-37  2.46491884e-19 -2.53435370e-18
 -4.41323712e-38  2.40301994e-19 -1.85147777e-18 -4.05115219e-38  2.51017040e-37
  3.13945333e+00
    12:
  5.53528654e-37  1.65932254e-37  4.17417771e-37  1.89828343e-18 -4.41323712e-38
  6.71392650e-20  3.09134901e-19 -4.05115219e-38 -1.40895941e-18 -7.66553358e-37
 -4.37194804e-19  3.13945333e+00
    13:
 -4.28623857e-01 -6.11710954e-02 -1.65786842e-01  5.18359793e-18 -3.81822147e-19
 -6.09118330e-19  3.71354781e-18 -3.45275553e-19 -1.18237897e-19 -4.13924168e-01
  2.51017040e-37  7.78273039e-37  1.67903001e+00
    14:
  1.66938798e-19  1.87297439e-19 -1.06491035e-19  3.29100775e-37  9.47500948e-20
  7.91416655e-20  3.67880054e-37  1.40706850e-18  4.46129139e-19  8.55442897e-20
 -1.33785890e-36 -1.91940986e-37 -2.50075341e-19  3.13945333e+00
    15:
 -4.28623857e-01 -6.11710954e-02 -1.65786842e-01  5.10334817e-18  1.07594083e-19
 -1.03060514e-18  4.08093894e-18  3.60143415e-21 -2.02546845e-19 -4.13924168e-01
  4.72651400e-37 -7.66553358e-37 -4.13924168e-01 -2.05262004e-19  1.67903001e+00
Density Matrix (Beta)
     1:
  0.00000000e+00
     2:
  0.00000000e+00  0.00000000e+00
     3:
  0.00000000e+00  0.00000000e+00  0.00000000e+00
     4:
  0.00000000e+00  0.00000000e+00  0.00000000e+00  0.00000000e+00
     5:
  0.00000000e+00  0.00000000e+00  0.00000000e+00  0.00000000e+00  0.00000000e+00
     6:
  0.00000000e+00  0.00000000e+00  0.00000000e+00  0.00000000e+00  0.00000000e+00
  0.00000000e+00
     7:
  0.00000000e+00  0.00000000e+00  0.00000000e+00  0.00000000e+00  0.00000000e+00
  0.00000000e+00  0.00000000e+00
     8:
  0.00000000e+00  0.00000000e+00  0.00000000e+00  0.00000000e+00  0.00000000e+00
  0.00000000e+00  0.00000000e+00  0.00000000e+00
     9:
  0.00000000e+00  0.00000000e+00  0.00000000e+00  0.00000000e+00  0.00000000e+00
  0.00000000e+00  0.00000000e+00  0.00000000e+00  0.00000000e+00
    10:
  0.00000000e+00  0.00000000e+00  0.00000000e+00  0.00000000e+00  0.00000000e+00
  0.00000000e+00  0.00000000e+00  0.00000000e+00  0.00000000e+00  0.00000000e+00
    11:
  0.00000000e+00  0.00000000e+00  0.00000000e+00  0.00000000e+00  0.00000000e+00
  0.00000000e+00  0.00000000e+00  0.00000000e+00  0.00000000e+00  0.00000000e+00
  0.00000000e+00
    12:
  0.00000000e+00  0.00000000e+00  0.00000000e+00  0.00000000e+00  0.00000000e+00
  0.00000000e+00  0.00000000e+00  0.00000000e+00  0.00000000e+00  0.00000000e+00
  0.00000000e+00  0.00000000e+00
    13:
  0.00000000e+00  0.00000000e+00  0.00000000e+00  0.00000000e+00  0.00000000e+00
  0.00000000e+00  0.00000000e+00  0.00000000e+00  0.00000000e+00  0.00000000e+00
  0.00000000e+00  0.00000000e+00  0.00000000e+00
    14:
  0.00000000e+00  0.00000000e+00  0.00000000e+00  0.00000000e+00  0.00000000e+00
  0.00000000e+00  0.00000000e+00  0.00000000e+00  0.00000000e+00  0.00000000e+00
  0.00000000e+00  0.00000000e+00  0.00000000e+00  0.00000000e+00
    15:
  0.00000000e+00  0.00000000e+00  0.00000000e+00  0.00000000e+00  0.00000000e+00
  0.00000000e+00  0.00000000e+00  0.00000000e+00  0.00000000e+00  0.00000000e+00
  0.00000000e+00  0.00000000e+00  0.00000000e+00  0.00000000e+00  0.00000000e+00
Fock Matrix (Beta)
     1:
  1.03224149e+00
     2:
  3.03666295e-02  2.06119823e-01
     3:
 -1.30703637e-01  4.21632686e-02  7.74604250e-02
     4:
 -1.92038441e-17 -1.75718281e-17 -9.65800351e-18  3.01699414e+00
     5:
 -3.83735113e-20 -3.11605608e-20 -1.64555858e-20 -8.81481495e-38  3.01699414e+00
     6:
  2.88106432e-21  6.13754336e-21  3.96805574e-21 -2.16178894e-36  5.96705643e-21
  3.01699414e+00
     7:
 -1.01311802e-17 -1.77590368e-17 -1.37727816e-17  7.41837430e-01 -1.04374930e-37
 -1.40873982e-36  8.56691403e-01
     8:
 -1.76548343e-20 -2.38577531e-20 -1.64043935e-20 -1.04374930e-37  7.41837430e-01
  3.66849467e-21 -2.29368073e-37  8.56691403e-01
     9:
  3.81423258e-21  1.29673704e-20  1.19156478e-20 -1.40873982e-36  3.66849467e-21
  7.41837430e-01 -1.88607894e-36  4.35854669e-21  8.56691403e-01
    10:
 -1.55941458e-01  2.48134983e-01  3.28475367e-02 -2.55815834e-17 -1.46119925e-20
  3.42981797e-21 -2.33121424e-17 -1.10142039e-20  5.16468109e-21  2.07296323e+00
    11:
 -1.06806404e-37 -2.45894974e-37 -1.73044996e-37 -2.53087133e-20 -1.47695341e-17
 -1.31922198e-37 -1.90771607e-20 -1.34592717e-17 -1.22352635e-37 -2.64546178e-37
  3.48229657e+00
    12:
 -1.90077483e-36 -2.69229973e-36 -1.70037692e-36  5.94061899e-21 -1.31922198e-37
 -1.47695341e-17  8.94549005e-21 -1.22352635e-37 -1.34592717e-17 -2.91950912e-36
  4.25924383e-21  3.48229657e+00
    13:
 -1.55941458e-01  2.48134983e-01  3.28475367e-02 -8.52719447e-18 -4.38359774e-20
  3.42981797e-21 -7.77071413e-18 -3.30426116e-20  5.16468109e-21 -2.48567811e-01
 -2.64546178e-37 -9.73169705e-37  2.07296323e+00
    14:
  5.11226448e-21  6.76037715e-21  4.16345643e-21 -1.31922198e-37  5.94061899e-21
 -2.53087133e-20 -1.22352635e-37  8.94549005e-21 -1.90771607e-20  2.45907557e-21
 -1.68557937e-36 -1.52735807e-37  7.37722671e-21  3.48229657e+00
    15:
 -1.55941458e-01  2.48134983e-01  3.28475367e-02 -8.52719447e-18 -1.46119925e-20
  1.02894539e-20 -7.77071413e-18 -1.10142039e-20  1.54940433e-20 -2.48567811e-01
 -8.81820593e-38 -2.91950912e-36 -2.48567811e-01  7.37722671e-21  2.07296323e+00

NITER=   7  Energy=        -0.5021597482 DeltaE=  2.99760e-15 DP=  2.35701e-08 PairTol= -1.000e+00
 E(Core)=        -0.4994887154 ET =         0.4982189120 ENE =        -0.9977076274 
 EJ     =         0.3092168800 EK =        -0.0618433760 Exc =        -0.2500445368 
 EQE    =         0.0000000000 EVT=        -1.0003786602 -V/T=         2.008
 EEE+ENE=        -0.5021597482 ENN=         0.0000000000 EVex=         0.0000000000
 Spin Info: <S^2>=   0.7500 Exact=   0.7500 Contamination=  0.0000

Molecule (QM Molecule)
Dipole moment (au): 
Electron : X=    0.000000 Y=    0.000000 Z=    0.000000
Nuclear  : X=    0.000000 Y=    0.000000 Z=    0.000000
Total    : X=    0.000000 Y=    0.000000 Z=    0.000000  Tot=    0.0000000000

Molecule (QM Molecule)
Dipole moment (debye): 
Electron : X=    0.000000 Y=    0.000000 Z=    0.000000
Nuclear  : X=    0.000000 Y=    0.000000 Z=    0.000000
Total    : X=    0.000000 Y=    0.000000 Z=    0.000000  Tot=    0.0000000000

calc_osci_strength.c: enter subroutine
Osillator strength is calulated by one-shot DFT method.
No outpot! basis set is not extensive enought!

scf: start Post SCF jobs
calc_eig_fock0_slo.c: enter subroutine
calc_eig_fock0_slo.c: leave subroutine
pre_losc_slo.c: enter subroutine
ELower=-30.000000   EUpper=10.000000
is=0   nLMO=2   LOLower=0   LOUpper=1
is=1   nLMO=1   LOLower=0   LOUpper=0
calc_basvector: enter subroutine
calc_basvector: leave subroutine
compute_vee_ri: enter subroutine
compute_vee_ri: nFitBasis=25  nDimPQMatrix=325
calc_vpq_inv_solid: fabs(largest_eigenvalue)=4.040892e+01
compute_vee_ri: leave subroutine
boys_localize_orbital_slo.c: enter subroutine
calc_total_spread_slo.c: enter subroutine
boys_spread[0]=  3.975166   boys_spread[1]=  1.896679   tot_boys_spread=  5.871845   penalty[0]=  0.000000   penalty[1]=  0.000000   tot_penalty=  0.000000   total_spread[0]=  3.975166   total_spread[1]=  1.896679   tot_spread=  5.871845
calc_total_spread_slo.c: leave subroutine
start Boys localization procedure, MaxIter=1000,   threshold=1.0000e-10
Finally iter=1
Finally total_spread=  5.871845
Finally total_spread change= -0.000000
calc_total_spread_slo.c: enter subroutine
boys_spread[0]=  3.975166   boys_spread[1]=  1.896679   tot_boys_spread=  5.871845   penalty[0]=  0.000000   penalty[1]=  0.000000   tot_penalty=  0.000000   total_spread[0]=  3.975166   total_spread[1]=  1.896679   tot_spread=  5.871845
calc_total_spread_slo.c: leave subroutine


   Print diagonal elements of local occupation matrix

               Spin 0        eig(eV)
       1:     1.000000      -8.754690
       2:     0.000000       6.147835
   total:     1.000000
               Spin 1        eig(eV)
       1:     0.000000       1.427549
   total:     0.000000


lambda11=    1.000000   lambda22=    0.000000   lambda12=    0.000000


   Print local occupation matrix (symmetric) for spin=0

     1:
  1.00000000e+00
     2:
  6.13946384e-16  5.57268600e-18




   Print local occupation matrix (symmetric) for spin=1

     1:
  0.00000000e+00


boys_localize_orbital_slo.c: leave subroutine
calc_curvature_KS_ri_slo.c: enter subroutine
iXKey=-1   iCKey=-1
is=0   i=0   kappaJ=    0.309192   kappaxc=    0.109578   kappa=    0.159692
is=0   i=1   kappaJ=    0.151434   kappaxc=    0.061607   kappa=    0.071862
is=1   i=0   kappaJ=    0.195165   kappaxc=    0.069158   kappa=    0.100806
calc_curvature_KS_ri_slo.c: leave subroutine
correct_ks_orbital_energy_slo.c: enter subroutine
LMO->KSMO
is=   0  eig_prev[   0]=   -8.75468958     eig[   0]=  -13.10012557     eig1[   0]=  -13.10012557
is=   0  eig_prev[   1]=    6.14783493     eig[   1]=    8.10329095     eig1[   1]=    8.10329095
is=   1  eig_prev[   0]=    1.42754876     eig[   0]=    4.17061385     eig1[   0]=    4.17061385
HOMO_LOSC=    0.00000000
LUMO_LOSC=    4.17061385
delta_E =   0.00000000   E_tot =  -0.50215975
correct_ks_orbital_energy_slo.c: leave subroutine
diag_lmosc_fock.c: enter subroutine
is=0   i=   0   prev_eig=   -8.754690   eig_proj=  -13.100126   eig_diag=  -13.100126   eig_diagp=  -13.100126
is=0   i=   1   prev_eig=    6.147835   eig_proj=    8.103291   eig_diag=    8.103291   eig_diagp=    8.103291
is=1   i=   0   prev_eig=    1.427549   eig_proj=    4.170614   eig_diag=    4.170614   eig_diagp=    4.170614
HOMO_prev=  0.00000000   HOMO_proj=  0.00000000   HOMO_diag=  0.00000000
LUMO_prev=  1.42754876   LUMO_proj=  1.42754876   LUMO_diag=  4.17061385
diag_lmosc_fock_slo.c: leave subroutine

The accumulated memory usages are:
      MALLOCED      0 (MB); FREED      0 (MB)

                          TIME RECORD (seconds)
|-----------------------------------------------------------------------|
|              F U N C T I O N              |    C P U    |   W A L L   |
|-----------------------------------------------------------------------|
|                                 QM4D (0)   |       0.420 |       0.600 |
|                     DoQMCalculations (0)   |       0.420 |       0.510 |
|               CalcOneElecBasisMatrix (0)   |       0.000 |       0.050 |
|                   CalcOverlapMatrixZ (0)   |       0.000 |       0.000 |
|                   CalcOverlapMatrixY (0)   |       0.000 |       0.000 |
|                   CalcOverlapMatrixX (0)   |       0.000 |       0.000 |
|                 DoQMCalculationsAtom (0)   |       0.360 |       0.400 |
|                            DoSCFAtom (0)   |       0.350 |       0.370 |
|                        GenGridPoints (0)   |       0.000 |       0.010 |
|                        CalcGridBasis (0)   |       0.010 |       0.010 |
|                                DoSCF (0)   |       0.050 |       0.040 |
|                             DoSCF-JK (0)   |       0.000 |       0.000 |
|                             DoSCF-XC (0)   |       0.020 |       0.020 |
|                       DiagFockMatrix (0)   |       0.000 |       0.000 |
|                                 LOSC (0)   |       0.000 |       0.000 |
|                              PreLOSC (0)   |       0.030 |       0.020 |
|                       calc_basvector (0)   |       0.010 |       0.000 |
|                                VeeRI (0)   |       0.020 |       0.020 |
|                          Compute Vpq (0)   |       0.000 |       0.010 |
|                    Boys Localization (0)   |       0.000 |       0.000 |
|                          calc spread (0)   |       0.000 |       0.000 |
|                        Swap Orbitals (0)   |       0.000 |       0.000 |
|                               Part I (0)   |       0.000 |       0.000 |
|                              Part II (0)   |       0.000 |       0.000 |
|                               Part V (0)   |       0.000 |       0.000 |
|                              Part VI (0)   |       0.000 |       0.000 |
|                             Part III (0)   |       0.000 |       0.000 |
|                         WBoys Rotate (0)   |       0.000 |       0.000 |
|                              Part IV (0)   |       0.000 |       0.000 |
|                     Update DipoleMat (0)   |       0.000 |       0.000 |
|                             CalcCurv (0)   |       0.000 |       0.000 |
|                    correct curvature (0)   |       0.000 |       0.000 |
|                                LMOSC (0)   |       0.000 |       0.000 |
|-----------------------------------------------------------------------|


Lucky! QM4D exit gracefully.

QM4D finising time: Fri Oct 20 16:00:28 2017

