QM4D compiling date/time: 10:58:12 // Sep 26 2017
QM4D running host: node081
QM4D starting time: Sun Oct 22 18:03:27 2017

